// Vitest Snapshot v1, https://vitest.dev/guide/snapshot.html

exports[`PasswordRules component > should match snapshot (Unit) 1`] = `
<div>
  <div
    class="card p-3 bg-light rounded shadow-none"
  >
    <h4
      class="fs-11"
    >
      Senha deve conter:
    </h4>
    <ul
      class="list-group list-group-flush"
    >
      <li
        class="list-group-item fs-10 border-0 text-success"
        data-testid="pass-length"
        id="pass-length"
      >
        <i
          class="align-middle me-1 ri-check-line"
        />
        Mínimo 8 caracteres
      </li>
      <li
        class="list-group-item fs-10 border-0 text-success"
        data-testid="pass-lower"
        id="pass-lower"
      >
        <i
          class="align-middle me-1 ri-check-line"
        />
        Uma letra minúscula (a-z)
      </li>
      <li
        class="list-group-item fs-10 border-0 text-danger"
        data-testid="pass-upper"
        id="pass-upper"
      >
        <i
          class="align-middle me-1 ri-close-line"
        />
        Uma letra maiúscula (A-Z)
      </li>
      <li
        class="list-group-item fs-10 border-0 text-success"
        data-testid="pass-number"
        id="pass-number"
      >
        <i
          class="align-middle me-1 ri-check-line"
        />
        Um número (0-9)
      </li>
    </ul>
  </div>
</div>
`;
